src/app/components/GameBlockBlast.tsx(1,31): error TS6133: 'useCallback' is declared but its value is never read.
src/app/components/GameBlockBlast.tsx(1,44): error TS6133: 'useRef' is declared but its value is never read.
src/app/components/GameBlockBlast.tsx(4,37): error TS6133: 'Grid3X3' is declared but its value is never read.
src/app/components/GameBlockBlast.tsx(9,6): error TS6196: 'Difficulty' is declared but never used.
src/app/components/GameBlockBlast.tsx(10,6): error TS6196: 'GameMode' is declared but never used.
src/app/components/GameBlockBlast.tsx(106,11): error TS6133: 'location' is declared but its value is never read.
src/app/components/GameBlockBlast.tsx(116,22): error TS6133: 'setShowConf' is declared but its value is never read.
src/app/components/GameLightUp.tsx(1,44): error TS6133: 'useRef' is declared but its value is never read.
src/app/components/GameLightUp.tsx(43,10): error TS6133: 'generatePuzzle' is declared but its value is never read.
src/app/components/GameLightUp.tsx(244,11): error TS6133: 'LEVEL_EASY' is declared but its value is never read.
src/app/components/GameMinesweeper.tsx(26,50): error TS6133: 'seed' is declared but its value is never read.
src/app/components/MemoryGame.tsx(201,12): error TS6133: 'flipped' is declared but its value is never read.
src/app/components/prototyping/PCBPrinting.tsx(2,1): error TS6133: 'XPulseLogo' is declared but its value is never read.
src/app/components/prototyping/PrototypingOrders.tsx(1,8): error TS6133: 'React' is declared but its value is never read.
src/app/components/prototyping/ThreeDPrinting.tsx(9,27): error TS2307: Cannot find module 'three/examples/jsm/loaders/STLLoader' or its corresponding type declarations.
src/app/components/prototyping/ThreeDPrinting.tsx(10,31): error TS2307: Cannot find module 'three/examples/jsm/controls/OrbitControls' or its corresponding type declarations.
src/app/components/prototyping/ThreeDPrinting.tsx(582,3): error TS6133: '_config' is declared but its value is never read.
src/app/components/prototyping/ThreeDPrinting.tsx(599,24): error TS6133: 'setNotification' is declared but its value is never read.
src/app/components/SettingsPage.tsx(5,33): error TS2307: Cannot find module './DashboardLayout' or its corresponding type declarations.
src/app/components/SliderGame.tsx(11,11): error TS6196: 'SliderState' is declared but never used.
src/pages/admin/AdminInstitutionsPage.tsx(2,27): error TS6133: 'updateInstitution' is declared but its value is never read.
src/pages/admin/AdminLiveClasses.tsx(11,5): error TS6133: 'CheckCircle2' is declared but its value is never read.
src/pages/admin/AdminLiveClasses.tsx(12,5): error TS6133: 'AlertCircle' is declared but its value is never read.
src/pages/institution-admin/components/users/AssignmentPanel.tsx(126,105): error TS2304: Cannot find name 'X'.
src/pages/institution-admin/dashboards/InstitutionDashboard.tsx(3,17): error TS6133: 'Layers' is declared but its value is never read.
src/pages/institution-admin/dashboards/InstitutionUsers.tsx(3,10): error TS6133: 'Users' is declared but its value is never read.
